// Jest Snapshot v1, https://goo.gl/fbAQLP

exports[`constants should match the snapshot 1`] = `
Object {
  "DELETE_USER_FILES": "DELETE_USER_FILES",
  "DELETE_USER_FILES_FAILURE": "DELETE_USER_FILES_FAILURE",
  "DELETE_USER_FILES_SUCCESS": "DELETE_USER_FILES_SUCCESS",
  "EXCEPTION": "EXCEPTION",
  "GET_USER_FILES": "GET_USER_FILES",
  "GET_USER_FILES_FAILURE": "GET_USER_FILES_FAILURE",
  "GET_USER_FILES_SUCCESS": "GET_USER_FILES_SUCCESS",
  "GITHUB_GET_REPOS": "GITHUB_GET_REPOS",
  "GITHUB_GET_REPOS_FAILURE": "GITHUB_GET_REPOS_FAILURE",
  "GITHUB_GET_REPOS_SUCCESS": "GITHUB_GET_REPOS_SUCCESS",
  "HIDE_ALERT": "HIDE_ALERT",
  "INIT_USER": "INIT_USER",
  "INIT_USER_FAILURE": "INIT_USER_FAILURE",
  "INIT_USER_SUCCESS": "INIT_USER_SUCCESS",
  "SHOW_ALERT": "SHOW_ALERT",
  "SWITCH_MENU": "SWITCH_MENU",
  "UPLOAD_USER_FILES": "UPLOAD_USER_FILES",
  "UPLOAD_USER_FILES_FAILURE": "UPLOAD_USER_FILES_FAILURE",
  "UPLOAD_USER_FILES_SUCCESS": "UPLOAD_USER_FILES_SUCCESS",
  "USER_LOGIN": "USER_LOGIN",
  "USER_LOGIN_FAILURE": "USER_LOGIN_FAILURE",
  "USER_LOGIN_SUCCESS": "USER_LOGIN_SUCCESS",
  "USER_LOGOUT": "USER_LOGOUT",
  "USER_LOGOUT_FAILURE": "USER_LOGOUT_FAILURE",
  "USER_LOGOUT_SUCCESS": "USER_LOGOUT_SUCCESS",
}
`;

exports[`constants should match the snapshot 2`] = `
Object {
  "ERROR": "error",
  "IDLE": "idle",
  "READY": "ready",
  "RUNNING": "running",
  "SUCCESS": "success",
}
`;
