// Jest Snapshot v1, https://goo.gl/fbAQLP

exports[`store should have a persistor 1`] = `
Object {
  "bootstrapped": true,
  "registry": Array [],
}
`;

exports[`store should have a store 1`] = `
Object {
  "_persist": Object {
    "rehydrated": true,
    "version": -1,
  },
  "album": Object {
    "data": Array [],
    "status": "idle",
  },
  "albumFiles": Object {
    "data": Array [],
    "status": "idle",
  },
  "app": Object {
    "alerts": Array [],
    "isAuthenticated": true,
  },
  "comment": Object {
    "data": Array [],
    "folderPath": "/",
    "status": "idle",
  },
  "file": Object {
    "data": Array [],
    "folderPath": "/",
    "status": "idle",
  },
  "finder": Object {
    "data": Array [],
    "folderPath": "/",
    "status": "idle",
  },
  "photo": Object {
    "data": Array [],
    "folderPath": "/",
    "status": "idle",
  },
  "trash": Object {
    "data": Array [],
    "status": "idle",
  },
  "user": Object {
    "data": Object {},
    "isAuthenticated": true,
    "status": "idle",
  },
}
`;
